// Jest Snapshot v1, https://goo.gl/fbAQLP

exports[`Should render Header correctly 1`] = `
<div>
  <h1>
     Expensify App 
  </h1>
  <NavLink
    activeClassName="selected"
    ariaCurrent="true"
    exact={true}
    to="/"
  >
    Expense Dashboard
  </NavLink>
  <NavLink
    activeClassName="selected"
    ariaCurrent="true"
    to="/create"
  >
    Create Expense
  </NavLink>
  <NavLink
    activeClassName="selected"
    ariaCurrent="true"
    to="/help"
  >
    Help
  </NavLink>
</div>
`;
